// Jest Snapshot v1, https://goo.gl/fbAQLP

exports[`<AddProductModal /> renders correctly 1`] = `<div />`;
