// Jest Snapshot v1, https://goo.gl/fbAQLP

exports[`<WarningModal /> renders correctly 1`] = `<div />`;
