// Jest Snapshot v1, https://goo.gl/fbAQLP

exports[`<EditProductModal /> renders correctly 1`] = `<div />`;
