// Jest Snapshot v1, https://goo.gl/fbAQLP

exports[`<Home /> renders correctly 1`] = `
<div>
  <button
    className="sc-AxjAm eaVKzU"
    onClick={[Function]}
  >
    Check our products
  </button>
</div>
`;
